test.a.Example-OS-Distro-3.x86_64 tests/swiddata1/a.test/distro.swidtag
test.a.minimal tests/swiddata1/a.test/minimal.swidtag
unavailable.invalid.pkg1-1.2.0-1.fc28.x86_64 tests/swiddata1/a.test/pkg1-1.2.0-1.fc28.x86_64.swidtag
test.a.pkg3-1.0.0-1.x86_64 tests/swiddata1/a.test/pkg3.swidtag
test.a.qkg1-1.0.0-1.x86_64 tests/swiddata1/a.test/qkg1.swidtag
test.a.p1 tests/swiddata1/sup/p1.swidtag
+ test.a.s1 tests/swiddata1/sup/s1.swidtag
  + test.a.s11 tests/swiddata1/sup/s11.swidtag
    + test.a.s11 tests/swiddata1/sup/s11.swidtag ... breaking loop
test.m.p2 tests/swiddata1/sup/p2.swidtag
+ test.a.s1 tests/swiddata1/sup/s1.swidtag
  + test.a.s11 tests/swiddata1/sup/s11.swidtag
    + test.a.s11 tests/swiddata1/sup/s11.swidtag ... breaking loop
+ test.o.s2 tests/swiddata1/sup/s2.swidtag
  + test.a.s12 tests/swiddata1/sup/s12.swidtag
    + test.o.s2 tests/swiddata1/sup/s2.swidtag ... breaking loop
test.b.pkg3-1.0.0-1.x86_64 tests/swiddata1/symlinked/pkg3.swidtag
